{
    "results": [
        {
            "property": "IsEnum(IsEnumTestEnum,String,Int32):Void::(param1,0,IsEnumTestEnum)",
            "outcomes": [
                {
                    "validator": "IsEnumValidation",
                    "message": "Must be one of 'First,Second' or '10,20'.",
                    "values": [
                        {
                            "key": "enumNames",
                            "value": "First,Second"
                        },
                        {
                            "key": "enumValues",
                            "value": "10,20"
                        },
                        {
                            "key": "fieldType",
                            "value": "enum"
                        }
                    ]
                }
            ],
            "validationGroups": []
        },
        {
            "property": "IsEnum(IsEnumTestEnum,String,Int32):Void::(param2,1,String)",
            "outcomes": [
                {
                    "validator": "IsEnumValidation",
                    "message": "Must be one of 'First,Second' or '10,20'.",
                    "values": [
                        {
                            "key": "enumNames",
                            "value": "First,Second"
                        },
                        {
                            "key": "enumValues",
                            "value": "10,20"
                        },
                        {
                            "key": "fieldType",
                            "value": "string"
                        }
                    ]
                }
            ],
            "validationGroups": []
        },
        {
            "property": "IsEnum(IsEnumTestEnum,String,Int32):Void::(param3,2,Int32)",
            "outcomes": [
                {
                    "validator": "IsEnumValidation",
                    "message": "Must be one of 'First,Second' or '10,20'.",
                    "values": [
                        {
                            "key": "enumNames",
                            "value": "First,Second"
                        },
                        {
                            "key": "enumValues",
                            "value": "10,20"
                        },
                        {
                            "key": "fieldType",
                            "value": "numeric"
                        }
                    ]
                }
            ],
            "validationGroups": []
        }
    ]
}