{
    "Errors": {
        "IsEnum_Custom(String)->Void:Param(0,String,param1)": [
            "You didn't keep it enum."
        ]
    }
}