{
    "Errors": {
        "GetEmail_Custom(String)->Void:Param(0,String,email)": [
            "Mistake"
        ]
    }
}