{
    "Errors": {
        "SetInteger_Custom(Int32)->Void:Param(0,Int32,value)": [
            "Not 1"
        ]
    }
}