{
    "Errors": {
        "SetInteger(Int32)->Void:Param(0,Int32,value)": [
            "Is not equal to '1'."
        ]
    }
}