{
    "errors": {
        "integer": [
            "Is not less than '2147483647'."
        ],
        "string": [
            "Is not less than '￿￿￿￿￿￿￿￿￿￿￿￿￿￿￿￿￿￿￿￿￿￿￿￿￿￿￿￿￿￿￿￿￿￿￿￿￿￿￿￿￿￿￿￿￿￿￿￿￿￿￿￿￿￿￿￿￿￿￿￿￿￿￿￿￿￿￿￿￿￿￿￿￿￿￿￿￿￿￿￿￿￿￿￿￿￿￿￿￿￿￿￿￿￿￿￿￿￿￿￿'."
        ],
        "decimal": [
            "Is not less than '79228162514264337593543950335'."
        ],
        "double": [
            "Is not less than '1.7976931348623157E+308'."
        ],
        "short": [
            "Is not less than '32767'."
        ],
        "long": [
            "Is not less than '9223372036854775807'."
        ]
    }
}