{
    "results": [
        {
            "property": "Artist.Name",
            "outcomes": [],
            "validationGroups": [
                {
                    "name": "Artist is not null",
                    "description": "Artist is not null",
                    "children": [],
                    "outcomes": [
                        {
                            "validator": "NotNullValidation",
                            "message": "Must not be null.",
                            "values": []
                        },
                        {
                            "validator": "IsEqualToValidation",
                            "message": "Must equal to ''artist' with Something appended'",
                            "values": [
                                {
                                    "key": "value",
                                    "value": "'artist' with Something appended"
                                }
                            ]
                        }
                    ]
                }
            ]
        },
        {
            "property": "Created",
            "outcomes": [
                {
                    "validator": "IsCustomScopedValidation",
                    "message": "Name is too short",
                    "values": []
                }
            ],
            "validationGroups": []
        },
        {
            "property": "Songs[n]",
            "outcomes": [
                {
                    "validator": "NotNullValidation",
                    "message": "Must not be null.",
                    "values": []
                }
            ],
            "validationGroups": [
                {
                    "name": "Album constains songs we don't own the copyright to",
                    "description": "Album constains songs we don't own the copyright to",
                    "children": [],
                    "outcomes": [
                        {
                            "validator": "NotNullValidation",
                            "message": "Must not be null.",
                            "values": []
                        },
                        {
                            "validator": "IsCustomScopedValidation",
                            "message": "Checks to ensure the song's rights are owned by us.",
                            "values": []
                        }
                    ]
                }
            ]
        },
        {
            "property": "Songs[n].TrackNumber",
            "outcomes": [
                {
                    "validator": "NotNullValidation",
                    "message": "Must not be null.",
                    "values": []
                }
            ],
            "validationGroups": []
        },
        {
            "property": "Songs[n].TrackName",
            "outcomes": [
                {
                    "validator": "IsEqualToValidation",
                    "message": "Must equal to 'Definitely Not The Correct Song Name.'",
                    "values": [
                        {
                            "key": "value",
                            "value": "Definitely Not The Correct Song Name."
                        }
                    ]
                }
            ],
            "validationGroups": []
        },
        {
            "property": "Songs[n].Duration",
            "outcomes": [
                {
                    "validator": "IsEqualToValidation",
                    "message": "Songs must force you to travel slowly backwards in time to listen to.",
                    "values": [
                        {
                            "key": "value",
                            "value": "-1"
                        }
                    ]
                }
            ],
            "validationGroups": [
                {
                    "name": "Song Duration is greater than 5 minutes",
                    "description": "Song Duration is greater than 5 minutes",
                    "children": [],
                    "outcomes": [
                        {
                            "validator": "IsEqualToValidation",
                            "message": "Must equal to '10.1'",
                            "values": [
                                {
                                    "key": "value",
                                    "value": "10.1"
                                }
                            ]
                        }
                    ]
                }
            ]
        },
        {
            "property": "Songs[n].Artist",
            "outcomes": [],
            "validationGroups": [
                {
                    "name": "Album is Single Artist",
                    "description": "Album is Single Artist",
                    "children": [],
                    "outcomes": [
                        {
                            "validator": "IsNullValidation",
                            "message": "Must be null.",
                            "values": []
                        }
                    ]
                },
                {
                    "name": "Album is SingleArtist",
                    "description": "Album is SingleArtist",
                    "children": [],
                    "outcomes": [
                        {
                            "validator": "IsNullValidation",
                            "message": "Must be null.",
                            "values": []
                        }
                    ]
                }
            ]
        },
        {
            "property": "Artist",
            "outcomes": [],
            "validationGroups": [
                {
                    "name": "Album is Single Artist",
                    "description": "Album is Single Artist",
                    "children": [],
                    "outcomes": [
                        {
                            "validator": "NotNullValidation",
                            "message": "Must not be null.",
                            "values": []
                        }
                    ]
                }
            ]
        },
        {
            "property": "Songs[n].Artist.Name",
            "outcomes": [],
            "validationGroups": [
                {
                    "name": "Album is Collaboration",
                    "description": "Album is Collaboration",
                    "children": [],
                    "outcomes": [
                        {
                            "validator": "NotNullValidation",
                            "message": "Must not be null.",
                            "values": []
                        }
                    ]
                },
                {
                    "name": "Album is Collaborative",
                    "description": "Album is Collaborative",
                    "children": [],
                    "outcomes": [
                        {
                            "validator": "NotNullValidation",
                            "message": "Must not be null.",
                            "values": []
                        }
                    ]
                }
            ]
        }
    ]
}