{
    "openapi": "3.0.1",
    "info": {
        "title": "PopValidations.ExampleWebApi",
        "version": "1.0"
    },
    "paths": {
        "/api/Test/test": {
            "get": {
                "tags": [
                    "Test"
                ],
                "requestBody": {
                    "content": {
                        "application/json": {
                            "schema": {
                                "$ref": "#/components/schemas/Request"
                            }
                        },
                        "text/json": {
                            "schema": {
                                "$ref": "#/components/schemas/Request"
                            }
                        },
                        "application/*+json": {
                            "schema": {
                                "$ref": "#/components/schemas/Request"
                            }
                        }
                    }
                },
                "responses": {
                    "200": {
                        "description": "Success"
                    }
                }
            }
        }
    },
    "components": {
        "schemas": {
            "Request": {
                "type": "object",
                "properties": {
                    "id": {
                        "minimum": 5,
                        "exclusiveMinimum": true,
                        "type": "integer",
                        "format": "int32",
                        "nullable": true
                    },
                    "name": {
                        "type": "string",
                        "nullable": true
                    },
                    "child": {
                        "$ref": "#/components/schemas/SubRequest"
                    }
                },
                "additionalProperties": false,
                "x-validation": {
                    "id": [
                        "Must be greater than '5'"
                    ],
                    "name": [
                        "Must be greater than 'Test'"
                    ],
                    "child": []
                }
            },
            "SubRequest": {
                "type": "object",
                "properties": {
                    "id": {
                        "minimum": 6,
                        "exclusiveMinimum": true,
                        "type": "integer",
                        "format": "int32",
                        "nullable": true
                    },
                    "name": {
                        "type": "string",
                        "nullable": true
                    }
                },
                "additionalProperties": false,
                "x-validation": {
                    "id": [
                        "Must be greater than '6'"
                    ],
                    "name": [
                        "Must be greater than 'Test2'"
                    ]
                }
            }
        }
    }
}