{
    "errors": {
        "decimal": [
            "Error"
        ],
        "integer": [
            "Error"
        ],
        "string": [
            "Error"
        ]
    }
}