"InputObject": {
    "required": [
        "arrayOfStrings"
    ],
    "type": "object",
    "properties": {
        "arrayOfStrings": {
            "type": "array",
            "items": {
                "type": "string"
            }
        }
    },
    "additionalProperties": false,
    "x-validation": {
        "arrayOfStrings": [
            "Must not be null."
        ],
        "arrayOfStrings[n]": [
            "Must not be null.",
            "Must not be empty.",
            "Must equal to 'Test'."
        ]
    }
}