{
    "Errors": {
        "Get()->Int32:Return(Int32)": [
            "Is not greater than or equal to '9223372036854775807'."
        ]
    }
}