{
    "results": [
        {
            "property": "NString",
            "outcomes": [
                {
                    "validator": "IsLengthInclusivelyBetweenValidation",
                    "message": "Must be between 1 and 5 inclusive.",
                    "values": [
                        {
                            "key": "startValue",
                            "value": "1"
                        },
                        {
                            "key": "endValue",
                            "value": "5"
                        }
                    ]
                }
            ],
            "validationGroups": []
        },
        {
            "property": "Array",
            "outcomes": [
                {
                    "validator": "IsLengthInclusivelyBetweenValidation",
                    "message": "Must be between 1 and 5 inclusive.",
                    "values": [
                        {
                            "key": "startValue",
                            "value": "1"
                        },
                        {
                            "key": "endValue",
                            "value": "5"
                        }
                    ]
                }
            ],
            "validationGroups": []
        }
    ]
}