"InputObject": {
    "type": "object",
    "properties": {
        "nString": {
            "enum": [
                "Name"
            ],
            "type": "string",
            "nullable": true
        }
    },
    "additionalProperties": false,
    "x-validation": {
        "nString": [
            "Must equal to 'Name'."
        ]
    }
}