CS8603: Possible null reference return.
CS8603: Possible null reference return.
