{
    "errors": {
        "nString": [
            "Is not a valid email."
        ]
    }
}