{
    "Errors": {
        "GetEmail()->String:Return(String)": [
            "Is not a valid email."
        ]
    }
}