{
    "errors": {
        "depth2.TestInt": [
            "Is not greater than '5'."
        ]
    }
}