{
    "Errors": {
        "AllParamsMustBeEmpty_Custom(String,List<String>,Dictionary<String,String>)->Void:Param(0,String,param1)": [
            "Was not Empty."
        ],
        "AllParamsMustBeEmpty_Custom(String,List<String>,Dictionary<String,String>)->Void:Param(1,List<String>,param2)": [
            "Was not Empty."
        ],
        "AllParamsMustBeEmpty_Custom(String,List<String>,Dictionary<String,String>)->Void:Param(2,Dictionary<String,String>,param3)": [
            "Was not Empty."
        ]
    }
}