{
    "results": [
        {
            "property": "NInteger",
            "outcomes": [
                {
                    "validator": "IsGreaterThanOrEqualToValidation",
                    "message": "Must be greater than or equal to '5'.",
                    "values": [
                        {
                            "key": "value",
                            "value": "5"
                        }
                    ]
                }
            ],
            "validationGroups": []
        }
    ]
}