{
    "results": [
        {
            "property": "NString",
            "outcomes": [
                {
                    "validator": "IsNotNullValidation",
                    "message": "Must not be null.",
                    "values": []
                }
            ],
            "validationGroups": []
        }
    ]
}