{
    "Results": [
        {
            "Property": "ReturnMustBeEmpty()->String:Return(String)",
            "Outcomes": [
                {
                    "Validator": "IsEmptyValidation",
                    "Message": "Must be empty.",
                    "Values": []
                }
            ],
            "ValidationGroups": []
        }
    ]
}