{
    "Results": [
        {
            "Property": "Set1(Nullable<Int32>,String,Nullable<Decimal>,Nullable<Double>)->Void:Param(0,Nullable<Int32>,param1)",
            "Outcomes": [
                {
                    "Validator": "IsNotNullValidation",
                    "Message": "Must not be null.",
                    "Values": []
                }
            ],
            "ValidationGroups": []
        },
        {
            "Property": "Set1(Nullable<Int32>,String,Nullable<Decimal>,Nullable<Double>)->Void:Param(1,String,param2)",
            "Outcomes": [
                {
                    "Validator": "IsNotNullValidation",
                    "Message": "Must not be null.",
                    "Values": []
                }
            ],
            "ValidationGroups": []
        },
        {
            "Property": "Set1(Nullable<Int32>,String,Nullable<Decimal>,Nullable<Double>)->Void:Param(2,Nullable<Decimal>,param3)",
            "Outcomes": [
                {
                    "Validator": "IsNotNullValidation",
                    "Message": "Must not be null.",
                    "Values": []
                }
            ],
            "ValidationGroups": []
        },
        {
            "Property": "Set1(Nullable<Int32>,String,Nullable<Decimal>,Nullable<Double>)->Void:Param(3,Nullable<Double>,param4)",
            "Outcomes": [
                {
                    "Validator": "IsNotNullValidation",
                    "Message": "Must not be null.",
                    "Values": []
                }
            ],
            "ValidationGroups": []
        },
        {
            "Property": "Set2(Nullable<Int16>,Nullable<Int64>,Object)->Void:Param(0,Nullable<Int16>,param1)",
            "Outcomes": [
                {
                    "Validator": "IsNotNullValidation",
                    "Message": "Must not be null.",
                    "Values": []
                }
            ],
            "ValidationGroups": []
        },
        {
            "Property": "Set2(Nullable<Int16>,Nullable<Int64>,Object)->Void:Param(1,Nullable<Int64>,param2)",
            "Outcomes": [
                {
                    "Validator": "IsNotNullValidation",
                    "Message": "Must not be null.",
                    "Values": []
                }
            ],
            "ValidationGroups": []
        },
        {
            "Property": "Set2(Nullable<Int16>,Nullable<Int64>,Object)->Void:Param(2,Object,param3)",
            "Outcomes": [
                {
                    "Validator": "IsNotNullValidation",
                    "Message": "Must not be null.",
                    "Values": []
                }
            ],
            "ValidationGroups": []
        },
        {
            "Property": "Set_Custom(Object)->Void:Param(0,Object,param3)",
            "Outcomes": [
                {
                    "Validator": "IsNotNullValidation",
                    "Message": "Dont be Null",
                    "Values": []
                }
            ],
            "ValidationGroups": []
        }
    ]
}