{
    "Errors": {
        "Set_Custom(Object)->Void:Param(0,Object,param3)": [
            "Is Null"
        ]
    }
}